// Jest Snapshot v1, https://goo.gl/fbAQLP

exports[`validateExactString (optimize: %s) RequiredExactString should return an function body 1`] = `
Array [
  Object {
    "NotExactStringFail": [Function],
    "RequiredFail": [Function],
  },
  Array [],
  Array [
    "const value1 = value1",
    "if (value1 !== undefined) {",
    "  if (value1 !== \\"MyString\\") {",
    "    errors.push(new NotExactStringFail(\`Must strictly equal \\"MyString\\"\`, value1, context))",
    "  }",
    "} else {",
    "  errors.push(new RequiredFail(\`Is required\`, value1, context))",
    "}",
  ],
]
`;
