// Jest Snapshot v1, https://goo.gl/fbAQLP

exports[`Unknown RequiredUnknown should return a function body 1`] = `
Array [
  Object {
    "RequiredFail": [Function],
  },
  Array [],
  Array [
    "const value1 = value1",
    "if (value1 === undefined) {",
    "  errors.push(new RequiredFail(\`Is required\`, value1, context))",
    "}",
  ],
]
`;
