// Jest Snapshot v1, https://goo.gl/fbAQLP

exports[`generateRustTypes write to file 1`] = `
"use serde::{Deserialize, Serialize};

#[derive(Serialize, Deserialize, Debug, Clone)]
#[serde(rename_all = \\"camelCase\\")]
struct TabbyData {
    weight: f64,
    age: u64,
}

#[derive(Serialize, Deserialize, Debug, Clone)]
#[serde(rename_all = \\"camelCase\\")]
struct TuxedoData {
    weight: f64,
    age: u64,
}

#[derive(Serialize, Deserialize, Debug, Clone)]
#[serde(rename_all = \\"camelCase\\")]
struct MaineCoonData {
    weight: f64,
    age: u64,
    fur_variant: String,
}

#[derive(Serialize, Deserialize, Debug, Clone)]
#[serde(rename_all = \\"camelCase\\")]
#[serde(tag = \\"type\\")]
enum Cat {
    Tabby(TabbyData),
    Tuxedo(TuxedoData),
    MaineCoon(MaineCoonData),
}

#[derive(Serialize, Deserialize, Debug, Clone)]
#[serde(rename_all = \\"camelCase\\")]
struct ExternalTuple(u8, u8);

#[derive(Serialize, Deserialize, Debug, Clone)]
#[serde(rename_all = \\"camelCase\\")]
enum ExternalInterface {
    CAN0,
    CAN1,
    CAN2,
    VCAN0,
    VCAN1,
    VCAN2,
    PINS(u8, u8),
    FAKEEXTTUPLE(ExternalTuple),
    FAKEVALUE(u8),
}

#[derive(Serialize, Deserialize, Debug, Clone)]
#[serde(rename_all = \\"camelCase\\")]
enum Application {
    OBD,
    UDS,
    KWP2000,
}

#[derive(Serialize, Deserialize, Debug, Clone)]
#[serde(rename_all = \\"camelCase\\")]
enum Transport {
    ISOTP,
    TP2,
    ISOTPNOPAD,
}

#[derive(Serialize, Deserialize, Debug, Clone)]
#[serde(rename_all = \\"camelCase\\")]
struct RequestDID {
    adaption_setup: Vec<String>,
    adaption_teardown: Vec<String>,
    service_and_did: String,
    interface: ExternalInterface,
    application: Application,
    transport: Transport,
    session_type: Option<String>,
    use_functional_addressing: Option<bool>,
    tx_id: String,
    rx_id: Option<String>,
    tx_local_id: Option<String>,
    rx_local_id: Option<String>,
    raw: bool,
}

"
`;

exports[`generateRustTypes write to file, datetime used 1`] = `
"use chrono::{DateTime, Utc};
use serde::{Deserialize, Serialize};

#[derive(Serialize, Deserialize, Debug, Clone)]
#[serde(rename_all = \\"camelCase\\")]
struct RustType {
    #[serde(with = \\"chrono::serde::ts_seconds\\")]
    unix: DateTime<Utc>,
    date: DateTime<Utc>,
    date_time: DateTime<Utc>,
}

"
`;
